// Jest Snapshot v1, https://goo.gl/fbAQLP

exports[`shopware-6-client - E2E - CartService - addCartItemQuantity should test add cart item quantity error response 1`] = `[Error: Request failed with status code 500]`;
