// Jest Snapshot v1, https://goo.gl/fbAQLP

exports[`shopware-6-client - E2E - CartService - addCartItemQuantity should add promotion code for products in cart 1`] = `
Object {
  "deliveries": Array [],
  "errors": Array [],
  "extensions": Array [],
  "lineItems": Array [],
  "modified": false,
  "name": "8a243080f92e4c719546314b577cf82b",
  "price": Object {
    "calculatedTaxes": Array [],
    "extensions": Array [],
    "netPrice": 0,
    "positionPrice": 0,
    "taxRules": Array [],
    "taxStatus": "gross",
    "totalPrice": 0,
  },
  "token": "mockedToken",
  "transactions": Array [
    Object {
      "amount": Object {
        "calculatedTaxes": Array [],
        "extensions": Array [],
        "quantity": 1,
        "referencePrice": null,
        "taxRules": Array [],
        "totalPrice": 0,
        "unitPrice": 0,
      },
      "extensions": Array [],
      "paymentMethodId": "cad2356ee68c473ca7da517d0ad32de1",
    },
  ],
}
`;

exports[`shopware-6-client - E2E - CartService - addCartItemQuantity should returns error when adding empty string as promotion code 1`] = `
[Error: [2mexpect([22m[31mreceived[39m[2m).[22mtoEqual[2m([22m[32mexpected[39m[2m) // deep equality[22m

Expected: [32m"[7mshould[27m throw an error"[39m
Received: [31m"[7mdidn't[27m throw an error"[39m]
`;

exports[`shopware-6-client - E2E - CartService - addCartItemQuantity should returns error when adding non-existing promotion code 1`] = `
[Error: [2mexpect([22m[31mreceived[39m[2m).[22mtoEqual[2m([22m[32mexpected[39m[2m) // deep equality[22m

Expected: [32m"[7mshould[27m throw an error"[39m
Received: [31m"[7mdidn't[27m throw an error"[39m]
`;
