// Jest Snapshot v1, https://goo.gl/fbAQLP

exports[`shopware-6-client - E2E - CartService - changeCartItemQuantity should test change item cart quantity response error 1`] = `[Error: Request failed with status code 400]`;
