// Jest Snapshot v1, https://goo.gl/fbAQLP

exports[`shopware-6-client - E2E - CartService - clearCart should clear cart with products 1`] = `
Object {
  "contextToken": "mockedContextToken",
}
`;

exports[`shopware-6-client - E2E - CartService - clearCart should clear cart without products 1`] = `
Object {
  "contextToken": "mockedContextToken",
}
`;
