// Jest Snapshot v1, https://goo.gl/fbAQLP

exports[`shopware-6-client - E2E - CartService - addCartItemQuantity should test remove product from cart error reponse 1`] = `[Error: Request failed with status code 400]`;
